// Jest Snapshot v1, https://goo.gl/fbAQLP

exports[`NavbarComponent.vue renders correctly 1`] = `
<div class="pb-10">
  <v-app-bar-stub tag="header" tile="true" extensionheight="48" src="" value="true" fixed="true" class="nav">
    <v-toolbar-items-stub>
      <v-btn-stub tag="button" activeclass="" to="/" text="true" type="button">
        <v-icon-stub class="px-3">
          mdi-home
        </v-icon-stub>Yabs
      </v-btn-stub>
    </v-toolbar-items-stub>
    <v-spacer-stub></v-spacer-stub>
    <v-toolbar-items-stub>
      <googlelogin-stub></googlelogin-stub>
    </v-toolbar-items-stub>
  </v-app-bar-stub>
</div>
`;
